error[E0277]: the trait bound `ReturningClause<(columns::id, columns::name)>: QueryFragment<Sqlite, DoesNotSupportReturningClause>` is not satisfied
  --> tests/fail/delete_statement_does_not_support_returning_methods_on_sqlite.rs:17:21
   |
17 |         .get_result(&mut connection);
   |          ---------- ^^^^^^^^^^^^^^^ the trait `QueryFragment<Sqlite, DoesNotSupportReturningClause>` is not implemented for `ReturningClause<(columns::id, columns::name)>`
   |          |
   |          required by a bound introduced by this call
   |
   = help: the following other types implement trait `QueryFragment<DB, SP>`:
             <ReturningClause<Expr> as QueryFragment<DB>>
             <ReturningClause<Expr> as QueryFragment<DB, PgLikeReturningClause>>
             <ReturningClause<Expr> as QueryFragment<DB, sqlite::backend::SqliteReturningClause>>
   = note: required for `ReturningClause<(columns::id, columns::name)>` to implement `QueryFragment<Sqlite>`
   = note: 1 redundant requirement hidden
   = note: required for `DeleteStatement<table, WhereClause<Grouped<Eq<name, Bound<Text, &str>>>>, ReturningClause<(id, name)>>` to implement `QueryFragment<Sqlite>`
   = note: required for `DeleteStatement<table, WhereClause<Grouped<Eq<name, Bound<Text, &str>>>>>` to implement `LoadQuery<'_, diesel::SqliteConnection, _>`
note: required by a bound in `get_result`
  --> $DIESEL/src/query_dsl/mod.rs
   |
   |     fn get_result<'query, U>(self, conn: &mut Conn) -> QueryResult<U>
   |        ---------- required by a bound in this associated function
   |     where
   |         Self: LoadQuery<'query, Conn, U>,
   |               ^^^^^^^^^^^^^^^^^^^^^^^^^^ required by this bound in `RunQueryDsl::get_result`

error[E0277]: the trait bound `ReturningClause<columns::name>: QueryFragment<Sqlite, DoesNotSupportReturningClause>` is not satisfied
  --> tests/fail/delete_statement_does_not_support_returning_methods_on_sqlite.rs:21:21
   |
21 |         .get_result(&mut connection);
   |          ---------- ^^^^^^^^^^^^^^^ the trait `QueryFragment<Sqlite, DoesNotSupportReturningClause>` is not implemented for `ReturningClause<columns::name>`
   |          |
   |          required by a bound introduced by this call
   |
   = help: the following other types implement trait `QueryFragment<DB, SP>`:
             <ReturningClause<Expr> as QueryFragment<DB>>
             <ReturningClause<Expr> as QueryFragment<DB, PgLikeReturningClause>>
             <ReturningClause<Expr> as QueryFragment<DB, sqlite::backend::SqliteReturningClause>>
   = note: required for `ReturningClause<columns::name>` to implement `QueryFragment<Sqlite>`
   = note: 1 redundant requirement hidden
   = note: required for `DeleteStatement<table, WhereClause<Grouped<Eq<name, Bound<Text, &str>>>>, ReturningClause<name>>` to implement `QueryFragment<Sqlite>`
   = note: required for `DeleteStatement<table, WhereClause<Grouped<Eq<name, Bound<Text, &str>>>>, ReturningClause<name>>` to implement `LoadQuery<'_, diesel::SqliteConnection, _>`
note: required by a bound in `get_result`
  --> $DIESEL/src/query_dsl/mod.rs
   |
   |     fn get_result<'query, U>(self, conn: &mut Conn) -> QueryResult<U>
   |        ---------- required by a bound in this associated function
   |     where
   |         Self: LoadQuery<'query, Conn, U>,
   |               ^^^^^^^^^^^^^^^^^^^^^^^^^^ required by this bound in `RunQueryDsl::get_result`
