error[E0277]: Cannot select `posts::columns::id` from `users::table`
  --> tests/fail/distinct_on_allows_only_fields_of_table.rs:24:22
   |
24 |         .distinct_on(posts::id)
   |          ----------- ^^^^^^^^^ the trait `SelectableExpression<users::table>` is not implemented for `posts::columns::id`, which is required by `users::table: DistinctOnDsl<_>`
   |          |
   |          required by a bound introduced by this call
   |
   = note: `posts::columns::id` is no valid selection for `users::table`
   = help: the following other types implement trait `SelectableExpression<QS>`:
             <posts::columns::id as SelectableExpression<posts::table>>
             <posts::columns::id as SelectableExpression<query_source::joins::Join<Left, Right, Inner>>>
             <posts::columns::id as SelectableExpression<query_source::joins::Join<Left, Right, LeftOuter>>>
             <posts::columns::id as SelectableExpression<SelectStatement<FromClause<From>>>>
             <posts::columns::id as SelectableExpression<JoinOn<Join, On>>>
             <posts::columns::id as SelectableExpression<Only<posts::table>>>
             <posts::columns::id as SelectableExpression<Tablesample<posts::table, TSM>>>
   = note: required for `users::table` to implement `DistinctOnDsl<posts::columns::id>`
note: required by a bound in `diesel::QueryDsl::distinct_on`
  --> $DIESEL/src/query_dsl/mod.rs
   |
   |     fn distinct_on<Expr>(self, expr: Expr) -> DistinctOn<Self, Expr>
   |        ----------- required by a bound in this associated function
   |     where
   |         Self: methods::DistinctOnDsl<Expr>,
   |               ^^^^^^^^^^^^^^^^^^^^^^^^^^^^ required by this bound in `QueryDsl::distinct_on`

error[E0277]: Cannot select `users::columns::name` from `posts::table`
  --> tests/fail/distinct_on_allows_only_fields_of_table.rs:28:10
   |
28 |         .distinct_on((posts::name, users::name))
   |          ^^^^^^^^^^^ the trait `SelectableExpression<posts::table>` is not implemented for `users::columns::name`, which is required by `posts::table: DistinctOnDsl<_>`
   |
   = note: `users::columns::name` is no valid selection for `posts::table`
   = help: the following other types implement trait `SelectableExpression<QS>`:
             <users::columns::name as SelectableExpression<users::table>>
             <users::columns::name as SelectableExpression<query_source::joins::Join<Left, Right, Inner>>>
             <users::columns::name as SelectableExpression<query_source::joins::Join<Left, Right, LeftOuter>>>
             <users::columns::name as SelectableExpression<SelectStatement<FromClause<From>>>>
             <users::columns::name as SelectableExpression<JoinOn<Join, On>>>
             <users::columns::name as SelectableExpression<Only<users::table>>>
             <users::columns::name as SelectableExpression<Tablesample<users::table, TSM>>>
   = note: required for `(posts::columns::name, users::columns::name)` to implement `SelectableExpression<posts::table>`
   = note: required for `posts::table` to implement `DistinctOnDsl<(posts::columns::name, users::columns::name)>`

error[E0271]: type mismatch resolving `<table as AppearsInFromClause<table>>::Count == Once`
  --> tests/fail/distinct_on_allows_only_fields_of_table.rs:28:10
   |
28 |         .distinct_on((posts::name, users::name))
   |          ^^^^^^^^^^^ expected `Never`, found `Once`
   |
note: required for `users::columns::name` to implement `AppearsOnTable<posts::table>`
  --> tests/fail/distinct_on_allows_only_fields_of_table.rs:8:9
   |
8  |         name -> VarChar,
   |         ^^^^
   = note: associated types for the current `impl` cannot be restricted in `where` clauses
   = note: 1 redundant requirement hidden
   = note: required for `(posts::columns::name, users::columns::name)` to implement `AppearsOnTable<posts::table>`
   = note: required for `(posts::columns::name, users::columns::name)` to implement `SelectableExpression<posts::table>`
   = note: required for `posts::table` to implement `DistinctOnDsl<(posts::columns::name, users::columns::name)>`

error[E0277]: the trait bound `posts::table: TableNotEqual<users::table>` is not satisfied
  --> tests/fail/distinct_on_allows_only_fields_of_table.rs:28:10
   |
28 |         .distinct_on((posts::name, users::name))
   |          ^^^^^^^^^^^ the trait `TableNotEqual<users::table>` is not implemented for `posts::table`, which is required by `posts::table: DistinctOnDsl<_>`
   |
   = note: Double check that `users::table` and `posts::table` appear in the same `allow_tables_to_appear_in_same_query!`
           call if both are tables
   = note: Double check that `users::table` and `posts::table` appear in the same `alias!` call if both
           are aliases to the same table
   = help: the following other types implement trait `TableNotEqual<T>`:
             <Only<pg::metadata_lookup::pg_namespace::table> as TableNotEqual<pg::metadata_lookup::pg_type::table>>
             <Only<pg::metadata_lookup::pg_type::table> as TableNotEqual<pg::metadata_lookup::pg_namespace::table>>
             <Tablesample<pg::metadata_lookup::pg_namespace::table, TSM> as TableNotEqual<pg::metadata_lookup::pg_type::table>>
             <Tablesample<pg::metadata_lookup::pg_type::table, TSM> as TableNotEqual<pg::metadata_lookup::pg_namespace::table>>
             <pg::metadata_lookup::pg_namespace::table as TableNotEqual<Only<pg::metadata_lookup::pg_type::table>>>
             <pg::metadata_lookup::pg_namespace::table as TableNotEqual<Tablesample<pg::metadata_lookup::pg_type::table, TSM>>>
             <pg::metadata_lookup::pg_namespace::table as TableNotEqual<pg::metadata_lookup::pg_type::table>>
             <pg::metadata_lookup::pg_type::table as TableNotEqual<Only<pg::metadata_lookup::pg_namespace::table>>>
           and $N others
   = note: required for `posts::table` to implement `AppearsInFromClause<users::table>`
note: required for `users::columns::name` to implement `AppearsOnTable<posts::table>`
  --> tests/fail/distinct_on_allows_only_fields_of_table.rs:8:9
   |
8  |         name -> VarChar,
   |         ^^^^
   = note: 1 redundant requirement hidden
   = note: required for `(posts::columns::name, users::columns::name)` to implement `AppearsOnTable<posts::table>`
   = note: required for `(posts::columns::name, users::columns::name)` to implement `SelectableExpression<posts::table>`
   = note: required for `posts::table` to implement `DistinctOnDsl<(posts::columns::name, users::columns::name)>`
