error[E0277]: the trait bound `diesel::query_builder::locking_clause::ForUpdate: QueryFragment<Sqlite>` is not satisfied
  --> tests/fail/select_for_update_no_wait_cannot_be_used_on_sqlite.rs:17:15
   |
17 |         .load(&mut conn)
   |          ---- ^^^^^^^^^ the trait `QueryFragment<Sqlite>` is not implemented for `diesel::query_builder::locking_clause::ForUpdate`
   |          |
   |          required by a bound introduced by this call
   |
   = help: the following other types implement trait `QueryFragment<DB, SP>`:
             <diesel::query_builder::locking_clause::ForUpdate as QueryFragment<Mysql>>
             <diesel::query_builder::locking_clause::ForUpdate as QueryFragment<Pg>>
   = note: required for `LockingClause<ForUpdate, NoWait>` to implement `QueryFragment<Sqlite>`
   = note: 2 redundant requirements hidden
   = note: required for `SelectStatement<FromClause<table>, DefaultSelectClause<FromClause<table>>, ..., ..., ..., ..., ..., ..., ...>` to implement `QueryFragment<Sqlite>`
   = note: required for `SelectStatement<FromClause<table>, DefaultSelectClause<FromClause<table>>, ..., ..., ..., ..., ..., ..., ...>` to implement `LoadQuery<'_, SqliteConnection, _>`
note: required by a bound in `diesel::RunQueryDsl::load`
  --> $DIESEL/src/query_dsl/mod.rs
   |
   |     fn load<'query, U>(self, conn: &mut Conn) -> QueryResult<Vec<U>>
   |        ---- required by a bound in this associated function
   |     where
   |         Self: LoadQuery<'query, Conn, U>,
   |               ^^^^^^^^^^^^^^^^^^^^^^^^^^ required by this bound in `RunQueryDsl::load`

error[E0277]: the trait bound `diesel::query_builder::locking_clause::NoWait: QueryFragment<Sqlite>` is not satisfied
  --> tests/fail/select_for_update_no_wait_cannot_be_used_on_sqlite.rs:17:15
   |
17 |         .load(&mut conn)
   |          ---- ^^^^^^^^^ the trait `QueryFragment<Sqlite>` is not implemented for `diesel::query_builder::locking_clause::NoWait`
   |          |
   |          required by a bound introduced by this call
   |
   = help: the following other types implement trait `QueryFragment<DB, SP>`:
             <diesel::query_builder::locking_clause::NoWait as QueryFragment<Mysql>>
             <diesel::query_builder::locking_clause::NoWait as QueryFragment<Pg>>
   = note: required for `LockingClause<ForUpdate, NoWait>` to implement `QueryFragment<Sqlite>`
   = note: 2 redundant requirements hidden
   = note: required for `SelectStatement<FromClause<table>, DefaultSelectClause<FromClause<table>>, ..., ..., ..., ..., ..., ..., ...>` to implement `QueryFragment<Sqlite>`
   = note: required for `SelectStatement<FromClause<table>, DefaultSelectClause<FromClause<table>>, ..., ..., ..., ..., ..., ..., ...>` to implement `LoadQuery<'_, SqliteConnection, _>`
note: required by a bound in `diesel::RunQueryDsl::load`
  --> $DIESEL/src/query_dsl/mod.rs
   |
   |     fn load<'query, U>(self, conn: &mut Conn) -> QueryResult<Vec<U>>
   |        ---- required by a bound in this associated function
   |     where
   |         Self: LoadQuery<'query, Conn, U>,
   |               ^^^^^^^^^^^^^^^^^^^^^^^^^^ required by this bound in `RunQueryDsl::load`
