error: All fields of tuple structs must be annotated with `#[diesel(column_name)]`
  --> tests/fail/derive/queryable_by_name_requires_table_name_or_sql_type_annotation.rs:11:10
   |
11 | #[derive(QueryableByName)]
   |          ^^^^^^^^^^^^^^^
   |
   = note: this error originates in the derive macro `QueryableByName` (in Nightly builds, run with -Z macro-backtrace for more info)

error[E0433]: failed to resolve: use of undeclared crate or module `foos`
 --> tests/fail/derive/queryable_by_name_requires_table_name_or_sql_type_annotation.rs:6:8
  |
6 | struct Foo {
  |        ^^^ use of undeclared crate or module `foos`
