---
source: diesel_cli/tests/migration_generate.rs
description: "Test: postgres_add_record"
---
// @generated automatically by Diesel CLI.

pub mod sql_types {
    #[derive(diesel::query_builder::QueryId, Clone, diesel::sql_types::SqlType)]
    #[diesel(postgres_type(name = "ADDED_RECORD_RECORD"))]
    pub struct AddedRecordRecord;
}

diesel::table! {
    use diesel::sql_types::*;
    use super::sql_types::AddedRecordRecord;

    users (id) {
        id -> Int4,
        added_record -> AddedRecordRecord,
    }
}
